// Jest Snapshot v1, https://goo.gl/fbAQLP

exports[`Utils, flagsFromObject All array values 1`] = `"npx --withBoolean --allNames a"`;

exports[`Utils, flagsFromObject String containing spaces 1`] = `"npx --names "a b""`;

exports[`Utils, flagsFromObject Trims whitespaces 1`] = `"npx --port 3000"`;

exports[`Utils, flagsFromObject With args 1`] = `"npx --withBoolean --port 3000"`;

exports[`Utils, flagsFromObject Without multiselect 1`] = `"npx --withBoolean --firsName a"`;
